/tmp/reforge-selection-o1xm_est/MilestoneGoalSurfaceTests.cs(22,75): warning CS0649: Field 'GameUI.gold' is never assigned to, and will always have its default value [/tmp/reforge-selection-o1xm_est/p/Validation.csproj]
/tmp/reforge-selection-o1xm_est/MilestoneGoalSurfaceTests.cs(22,80): warning CS0649: Field 'GameUI.muted' is never assigned to, and will always have its default value [/tmp/reforge-selection-o1xm_est/p/Validation.csproj]
/tmp/reforge-selection-o1xm_est/MilestoneGoalSurfaceTests.cs(22,70): warning CS0649: Field 'GameUI.pale' is never assigned to, and will always have its default value [/tmp/reforge-selection-o1xm_est/p/Validation.csproj]
/tmp/reforge-selection-o1xm_est/MilestoneGoalSurfaceTests.cs(22,65): warning CS0649: Field 'GameUI.jade' is never assigned to, and will always have its default value [/tmp/reforge-selection-o1xm_est/p/Validation.csproj]

Build succeeded.

/tmp/reforge-selection-o1xm_est/MilestoneGoalSurfaceTests.cs(22,75): warning CS0649: Field 'GameUI.gold' is never assigned to, and will always have its default value [/tmp/reforge-selection-o1xm_est/p/Validation.csproj]
/tmp/reforge-selection-o1xm_est/MilestoneGoalSurfaceTests.cs(22,80): warning CS0649: Field 'GameUI.muted' is never assigned to, and will always have its default value [/tmp/reforge-selection-o1xm_est/p/Validation.csproj]
/tmp/reforge-selection-o1xm_est/MilestoneGoalSurfaceTests.cs(22,70): warning CS0649: Field 'GameUI.pale' is never assigned to, and will always have its default value [/tmp/reforge-selection-o1xm_est/p/Validation.csproj]
/tmp/reforge-selection-o1xm_est/MilestoneGoalSurfaceTests.cs(22,65): warning CS0649: Field 'GameUI.jade' is never assigned to, and will always have its default value [/tmp/reforge-selection-o1xm_est/p/Validation.csproj]
    4 Warning(s)
    0 Error(s)

Time Elapsed 00:00:01.46
PASS: 29 real reforge choice preview UI target and atomic-save assertions
/tmp/reforge-selection-o1xm_est/MilestoneGoalSurfaceTests.cs(22,65): warning CS0649: Field 'GameUI.jade' is never assigned to, and will always have its default value [/tmp/reforge-selection-o1xm_est/p/Validation.csproj]
/tmp/reforge-selection-o1xm_est/MilestoneGoalSurfaceTests.cs(22,75): warning CS0649: Field 'GameUI.gold' is never assigned to, and will always have its default value [/tmp/reforge-selection-o1xm_est/p/Validation.csproj]
/tmp/reforge-selection-o1xm_est/MilestoneGoalSurfaceTests.cs(22,70): warning CS0649: Field 'GameUI.pale' is never assigned to, and will always have its default value [/tmp/reforge-selection-o1xm_est/p/Validation.csproj]
/tmp/reforge-selection-o1xm_est/MilestoneGoalSurfaceTests.cs(22,80): warning CS0649: Field 'GameUI.muted' is never assigned to, and will always have its default value [/tmp/reforge-selection-o1xm_est/p/Validation.csproj]

Build succeeded.

/tmp/reforge-selection-o1xm_est/MilestoneGoalSurfaceTests.cs(22,65): warning CS0649: Field 'GameUI.jade' is never assigned to, and will always have its default value [/tmp/reforge-selection-o1xm_est/p/Validation.csproj]
/tmp/reforge-selection-o1xm_est/MilestoneGoalSurfaceTests.cs(22,75): warning CS0649: Field 'GameUI.gold' is never assigned to, and will always have its default value [/tmp/reforge-selection-o1xm_est/p/Validation.csproj]
/tmp/reforge-selection-o1xm_est/MilestoneGoalSurfaceTests.cs(22,70): warning CS0649: Field 'GameUI.pale' is never assigned to, and will always have its default value [/tmp/reforge-selection-o1xm_est/p/Validation.csproj]
/tmp/reforge-selection-o1xm_est/MilestoneGoalSurfaceTests.cs(22,80): warning CS0649: Field 'GameUI.muted' is never assigned to, and will always have its default value [/tmp/reforge-selection-o1xm_est/p/Validation.csproj]
    4 Warning(s)
    0 Error(s)

Time Elapsed 00:00:01.59
/tmp/reforge-selection-o1xm_est/MilestoneGoalSurfaceTests.cs(22,70): warning CS0649: Field 'GameUI.pale' is never assigned to, and will always have its default value [/tmp/reforge-selection-o1xm_est/p/Validation.csproj]
/tmp/reforge-selection-o1xm_est/MilestoneGoalSurfaceTests.cs(22,80): warning CS0649: Field 'GameUI.muted' is never assigned to, and will always have its default value [/tmp/reforge-selection-o1xm_est/p/Validation.csproj]
/tmp/reforge-selection-o1xm_est/MilestoneGoalSurfaceTests.cs(22,65): warning CS0649: Field 'GameUI.jade' is never assigned to, and will always have its default value [/tmp/reforge-selection-o1xm_est/p/Validation.csproj]
/tmp/reforge-selection-o1xm_est/MilestoneGoalSurfaceTests.cs(22,75): warning CS0649: Field 'GameUI.gold' is never assigned to, and will always have its default value [/tmp/reforge-selection-o1xm_est/p/Validation.csproj]

Build succeeded.

/tmp/reforge-selection-o1xm_est/MilestoneGoalSurfaceTests.cs(22,70): warning CS0649: Field 'GameUI.pale' is never assigned to, and will always have its default value [/tmp/reforge-selection-o1xm_est/p/Validation.csproj]
/tmp/reforge-selection-o1xm_est/MilestoneGoalSurfaceTests.cs(22,80): warning CS0649: Field 'GameUI.muted' is never assigned to, and will always have its default value [/tmp/reforge-selection-o1xm_est/p/Validation.csproj]
/tmp/reforge-selection-o1xm_est/MilestoneGoalSurfaceTests.cs(22,65): warning CS0649: Field 'GameUI.jade' is never assigned to, and will always have its default value [/tmp/reforge-selection-o1xm_est/p/Validation.csproj]
/tmp/reforge-selection-o1xm_est/MilestoneGoalSurfaceTests.cs(22,75): warning CS0649: Field 'GameUI.gold' is never assigned to, and will always have its default value [/tmp/reforge-selection-o1xm_est/p/Validation.csproj]
    4 Warning(s)
    0 Error(s)

Time Elapsed 00:00:01.51
/tmp/reforge-selection-o1xm_est/MilestoneGoalSurfaceTests.cs(22,65): warning CS0649: Field 'GameUI.jade' is never assigned to, and will always have its default value [/tmp/reforge-selection-o1xm_est/p/Validation.csproj]
/tmp/reforge-selection-o1xm_est/MilestoneGoalSurfaceTests.cs(22,70): warning CS0649: Field 'GameUI.pale' is never assigned to, and will always have its default value [/tmp/reforge-selection-o1xm_est/p/Validation.csproj]
/tmp/reforge-selection-o1xm_est/MilestoneGoalSurfaceTests.cs(22,75): warning CS0649: Field 'GameUI.gold' is never assigned to, and will always have its default value [/tmp/reforge-selection-o1xm_est/p/Validation.csproj]
/tmp/reforge-selection-o1xm_est/MilestoneGoalSurfaceTests.cs(22,80): warning CS0649: Field 'GameUI.muted' is never assigned to, and will always have its default value [/tmp/reforge-selection-o1xm_est/p/Validation.csproj]

Build succeeded.

/tmp/reforge-selection-o1xm_est/MilestoneGoalSurfaceTests.cs(22,65): warning CS0649: Field 'GameUI.jade' is never assigned to, and will always have its default value [/tmp/reforge-selection-o1xm_est/p/Validation.csproj]
/tmp/reforge-selection-o1xm_est/MilestoneGoalSurfaceTests.cs(22,70): warning CS0649: Field 'GameUI.pale' is never assigned to, and will always have its default value [/tmp/reforge-selection-o1xm_est/p/Validation.csproj]
/tmp/reforge-selection-o1xm_est/MilestoneGoalSurfaceTests.cs(22,75): warning CS0649: Field 'GameUI.gold' is never assigned to, and will always have its default value [/tmp/reforge-selection-o1xm_est/p/Validation.csproj]
/tmp/reforge-selection-o1xm_est/MilestoneGoalSurfaceTests.cs(22,80): warning CS0649: Field 'GameUI.muted' is never assigned to, and will always have its default value [/tmp/reforge-selection-o1xm_est/p/Validation.csproj]
    4 Warning(s)
    0 Error(s)

Time Elapsed 00:00:01.23
PASS compiled reforge regression rejected at: actual track button freezes chosen19 not player50
PASS compiled reforge regression rejected at: three distinct actual choices
PASS compiled reforge regression rejected at: UI commit matches actual preview and charges450 once
PASS actual desktop/mobile entry and existing Back routing connect to the tested surface
