[
  {
    "name": "production",
    "passed": true,
    "exit": 0,
    "output": "141 pilot production pose-clock assertions; no Unity rendering claim\n"
  },
  {
    "name": "zero-contact",
    "passed": true,
    "exit": 134,
    "output": "Unhandled exception. System.Exception: no hidden windup at commit\n   at BlenderPilotPoseTests.<>c__DisplayClass0_0.<Run>b__0(Boolean ok, String label) in /workspace/scratch/archive-audit/final-b1104bb/extracted/Tests/BlenderPilotPoseTests.cs:line 8\n   at BlenderPilotPoseTests.Run() in /workspace/scratch/archive-audit/final-b1104bb/extracted/Tests/BlenderPilotPoseTests.cs:line 16\n   at Program.Main() in /tmp/BlenderPilotTest-m0931hv3/zero-contact/Program.cs:line 1\n"
  },
  {
    "name": "wall-clock-action",
    "passed": true,
    "exit": 134,
    "output": "Unhandled exception. System.Exception: no hidden windup at commit\n   at BlenderPilotPoseTests.<>c__DisplayClass0_0.<Run>b__0(Boolean ok, String label) in /workspace/scratch/archive-audit/final-b1104bb/extracted/Tests/BlenderPilotPoseTests.cs:line 8\n   at BlenderPilotPoseTests.Run() in /workspace/scratch/archive-audit/final-b1104bb/extracted/Tests/BlenderPilotPoseTests.cs:line 16\n   at Program.Main() in /tmp/BlenderPilotTest-m0931hv3/wall-clock-action/Program.cs:line 1\n"
  }
]
